// Jest Snapshot v1, https://goo.gl/fbAQLP

exports[`Test GenreList renderer 1`] = `
<ul
  className="catalog__genres-list"
>
  <li
    className="catalog__genres-item "
  >
    <a
      className="catalog__genres-link"
      href="#"
      onClick={[Function]}
    >
      fantasy
    </a>
  </li>
  <li
    className="catalog__genres-item "
  >
    <a
      className="catalog__genres-link"
      href="#"
      onClick={[Function]}
    >
      comedy
    </a>
  </li>
</ul>
`;
